// Jest Snapshot v1, https://goo.gl/fbAQLP

exports[`App matches snapshot 1`] = `
<DocumentFragment>
  <div
    class="header"
  >
    <div
      class="heading"
    >
      <h2>
        CAROL SOLVAY
      </h2>
      <h3>
        Mindset Mastery Mentor
      </h3>
    </div>
    <div
      class="menu"
    >
      <ul
        class="menu_items"
      >
        <li>
          HOME
        </li>
        <li>
          ABOUT
        </li>
        <li>
          CONTACT
        </li>
      </ul>
    </div>
  </div>
  <div
    class="opening_page"
  >
    <img
      alt="An example image"
      class="bg"
      src="bg.jpg"
    />
    <div
      class="text-overlay"
    >
      <h1>
        HIGHEST
      </h1>
      <h1>
        POTENTIAL
      </h1>
    </div>
  </div>
</DocumentFragment>
`;
